MPLINK 5.09, LINKER
Linker Map File - Created Thu Sep 14 15:46:36 2023

                                 Section Info
                  Section       Type    Address   Location Size(Bytes)
                ---------  ---------  ---------  ---------  ---------
                   .org_0       code   0x000000    program   0x000028
                   .cinit    romdata   0x000028    program   0x000002
.config_300001_BUILD/DEFAULT/DEBUG/TEST1.O    romdata   0x300001    program   0x000001
.config_300003_BUILD/DEFAULT/DEBUG/TEST1.O    romdata   0x300003    program   0x000001



                              Program Memory Usage 
                               Start         End      
                           ---------   ---------      
                            0x000000    0x000029      
                            0x300001    0x300001      
                            0x300003    0x300003      
            44 out of 33048 program addresses used, program memory utilization is 0%



                              Symbols - Sorted by Name
                     Name    Address   Location    Storage File                     
                ---------  ---------  ---------  --------- ---------                
                     cont   0x000010    program     static C:\Users\User\MPLABXProjects\lab1_2.X\test1.asm
                   finish   0x000028    program     static C:\Users\User\MPLABXProjects\lab1_2.X\test1.asm
                 increase   0x000020    program     static C:\Users\User\MPLABXProjects\lab1_2.X\test1.asm
                     loop   0x00000a    program     static C:\Users\User\MPLABXProjects\lab1_2.X\test1.asm



                              Symbols - Sorted by Address
                     Name    Address   Location    Storage File                     
                ---------  ---------  ---------  --------- ---------                
                     loop   0x00000a    program     static C:\Users\User\MPLABXProjects\lab1_2.X\test1.asm
                     cont   0x000010    program     static C:\Users\User\MPLABXProjects\lab1_2.X\test1.asm
                 increase   0x000020    program     static C:\Users\User\MPLABXProjects\lab1_2.X\test1.asm
                   finish   0x000028    program     static C:\Users\User\MPLABXProjects\lab1_2.X\test1.asm


