MPLINK 5.09, LINKER
Linker Map File - Created Thu Sep 21 16:02:41 2023

                                 Section Info
                  Section       Type    Address   Location Size(Bytes)
                ---------  ---------  ---------  ---------  ---------
                   .org_0       code   0x000000    program   0x0000ee
                   .cinit    romdata   0x0000ee    program   0x000002
.config_300001_BUILD/DEFAULT/DEBUG/TEST1.O    romdata   0x300001    program   0x000001
.config_300003_BUILD/DEFAULT/DEBUG/TEST1.O    romdata   0x300003    program   0x000001



                              Program Memory Usage 
                               Start         End      
                           ---------   ---------      
                            0x000000    0x0000ef      
                            0x300001    0x300001      
                            0x300003    0x300003      
            242 out of 33048 program addresses used, program memory utilization is 0%



                              Symbols - Sorted by Name
                     Name    Address   Location    Storage File                     
                ---------  ---------  ---------  --------- ---------                
                    cont1   0x000076    program     static C:\Users\User\MPLABXProjects\lab2_bonus.X\test1.asm
                    cont2   0x0000be    program     static C:\Users\User\MPLABXProjects\lab2_bonus.X\test1.asm
            exchangeloop1   0x00005e    program     static C:\Users\User\MPLABXProjects\lab2_bonus.X\test1.asm
            exchangeloop2   0x0000a6    program     static C:\Users\User\MPLABXProjects\lab2_bonus.X\test1.asm
                   finish   0x0000d4    program     static C:\Users\User\MPLABXProjects\lab2_bonus.X\test1.asm
               innerloop1   0x00004e    program     static C:\Users\User\MPLABXProjects\lab2_bonus.X\test1.asm
               innerloop2   0x000096    program     static C:\Users\User\MPLABXProjects\lab2_bonus.X\test1.asm
                     loop   0x00003c    program     static C:\Users\User\MPLABXProjects\lab2_bonus.X\test1.asm
          translocateloop   0x0000e0    program     static C:\Users\User\MPLABXProjects\lab2_bonus.X\test1.asm



                              Symbols - Sorted by Address
                     Name    Address   Location    Storage File                     
                ---------  ---------  ---------  --------- ---------                
                     loop   0x00003c    program     static C:\Users\User\MPLABXProjects\lab2_bonus.X\test1.asm
               innerloop1   0x00004e    program     static C:\Users\User\MPLABXProjects\lab2_bonus.X\test1.asm
            exchangeloop1   0x00005e    program     static C:\Users\User\MPLABXProjects\lab2_bonus.X\test1.asm
                    cont1   0x000076    program     static C:\Users\User\MPLABXProjects\lab2_bonus.X\test1.asm
               innerloop2   0x000096    program     static C:\Users\User\MPLABXProjects\lab2_bonus.X\test1.asm
            exchangeloop2   0x0000a6    program     static C:\Users\User\MPLABXProjects\lab2_bonus.X\test1.asm
                    cont2   0x0000be    program     static C:\Users\User\MPLABXProjects\lab2_bonus.X\test1.asm
                   finish   0x0000d4    program     static C:\Users\User\MPLABXProjects\lab2_bonus.X\test1.asm
          translocateloop   0x0000e0    program     static C:\Users\User\MPLABXProjects\lab2_bonus.X\test1.asm


