MPLINK 5.09, LINKER
Linker Map File - Created Wed Oct 25 21:23:14 2023

                                 Section Info
                  Section       Type    Address   Location Size(Bytes)
                ---------  ---------  ---------  ---------  ---------
                   .org_0       code   0x000000    program   0x000076
                   .cinit    romdata   0x000076    program   0x000002
                    dbgP0       code   0x007dc0    program   0x000240
.config_300001_BUILD/DEFAULT/DEBUG/BASIC.O    romdata   0x300001    program   0x000001
.config_300003_BUILD/DEFAULT/DEBUG/BASIC.O    romdata   0x300003    program   0x000001
.config_300006_BUILD/DEFAULT/DEBUG/BASIC.O    romdata   0x300006    program   0x000001
                    dbgD0      udata   0x0005f4       data   0x00000c



                              Program Memory Usage 
                               Start         End      
                           ---------   ---------      
                            0x000000    0x000077      
                            0x007dc0    0x007fff      
                            0x300001    0x300001      
                            0x300003    0x300003      
                            0x300006    0x300006      
            699 out of 33048 program addresses used, program memory utilization is 2%



                              Symbols - Sorted by Name
                     Name    Address   Location    Storage File                     
                ---------  ---------  ---------  --------- ---------                
            check_process   0x000016    program     static C:\Users\User\MPLABXProjects\lab6_1_2.X\basic.asm
                     cont   0x000070    program     static C:\Users\User\MPLABXProjects\lab6_1_2.X\basic.asm
                      int   0x000000    program     static C:\Users\User\MPLABXProjects\lab6_1_2.X\basic.asm
                   light1   0x000020    program     static C:\Users\User\MPLABXProjects\lab6_1_2.X\basic.asm
                   light2   0x000026    program     static C:\Users\User\MPLABXProjects\lab6_1_2.X\basic.asm
                   light3   0x00002e    program     static C:\Users\User\MPLABXProjects\lab6_1_2.X\basic.asm
                   light4   0x000036    program     static C:\Users\User\MPLABXProjects\lab6_1_2.X\basic.asm
                  lightup   0x000048    program     static C:\Users\User\MPLABXProjects\lab6_1_2.X\basic.asm
                    renew   0x00003e    program     static C:\Users\User\MPLABXProjects\lab6_1_2.X\basic.asm
                    start   0x000000    program     static C:\Users\User\MPLABXProjects\lab6_1_2.X\basic.asm



                              Symbols - Sorted by Address
                     Name    Address   Location    Storage File                     
                ---------  ---------  ---------  --------- ---------                
                      int   0x000000    program     static C:\Users\User\MPLABXProjects\lab6_1_2.X\basic.asm
                    start   0x000000    program     static C:\Users\User\MPLABXProjects\lab6_1_2.X\basic.asm
            check_process   0x000016    program     static C:\Users\User\MPLABXProjects\lab6_1_2.X\basic.asm
                   light1   0x000020    program     static C:\Users\User\MPLABXProjects\lab6_1_2.X\basic.asm
                   light2   0x000026    program     static C:\Users\User\MPLABXProjects\lab6_1_2.X\basic.asm
                   light3   0x00002e    program     static C:\Users\User\MPLABXProjects\lab6_1_2.X\basic.asm
                   light4   0x000036    program     static C:\Users\User\MPLABXProjects\lab6_1_2.X\basic.asm
                    renew   0x00003e    program     static C:\Users\User\MPLABXProjects\lab6_1_2.X\basic.asm
                  lightup   0x000048    program     static C:\Users\User\MPLABXProjects\lab6_1_2.X\basic.asm
                     cont   0x000070    program     static C:\Users\User\MPLABXProjects\lab6_1_2.X\basic.asm


