MPLINK 5.09, LINKER
Linker Map File - Created Thu Sep 21 15:57:53 2023

                                 Section Info
                  Section       Type    Address   Location Size(Bytes)
                ---------  ---------  ---------  ---------  ---------
                   .org_0       code   0x000000    program   0x00004a
                   .cinit    romdata   0x00004a    program   0x000002
.config_300001_BUILD/DEFAULT/DEBUG/TEST1.O    romdata   0x300001    program   0x000001
.config_300003_BUILD/DEFAULT/DEBUG/TEST1.O    romdata   0x300003    program   0x000001



                              Program Memory Usage 
                               Start         End      
                           ---------   ---------      
                            0x000000    0x00004b      
                            0x300001    0x300001      
                            0x300003    0x300003      
            78 out of 33048 program addresses used, program memory utilization is 0%



                              Symbols - Sorted by Name
                     Name    Address   Location    Storage File                     
                ---------  ---------  ---------  --------- ---------                
                     cont   0x000044    program     static C:\Users\User\MPLABXProjects\lab2_1.X\test1.asm
                     even   0x000036    program     static C:\Users\User\MPLABXProjects\lab2_1.X\test1.asm
                     loop   0x00001a    program     static C:\Users\User\MPLABXProjects\lab2_1.X\test1.asm



                              Symbols - Sorted by Address
                     Name    Address   Location    Storage File                     
                ---------  ---------  ---------  --------- ---------                
                     loop   0x00001a    program     static C:\Users\User\MPLABXProjects\lab2_1.X\test1.asm
                     even   0x000036    program     static C:\Users\User\MPLABXProjects\lab2_1.X\test1.asm
                     cont   0x000044    program     static C:\Users\User\MPLABXProjects\lab2_1.X\test1.asm


