MPLINK 5.09, LINKER
Linker Map File - Created Thu Oct 26 15:30:49 2023

                                 Section Info
                  Section       Type    Address   Location Size(Bytes)
                ---------  ---------  ---------  ---------  ---------
                   .org_0       code   0x000000    program   0x00025c
                   .cinit    romdata   0x00025c    program   0x000002
                    dbgP0       code   0x007dc0    program   0x000240
.config_300001_BUILD/DEFAULT/DEBUG/BONUS.O    romdata   0x300001    program   0x000001
.config_300003_BUILD/DEFAULT/DEBUG/BONUS.O    romdata   0x300003    program   0x000001
.config_300006_BUILD/DEFAULT/DEBUG/BONUS.O    romdata   0x300006    program   0x000001
                    dbgD0      udata   0x0005f4       data   0x00000c



                              Program Memory Usage 
                               Start         End      
                           ---------   ---------      
                            0x000000    0x00025d      
                            0x007dc0    0x007fff      
                            0x300001    0x300001      
                            0x300003    0x300003      
                            0x300006    0x300006      
            1185 out of 33048 program addresses used, program memory utilization is 3%



                              Symbols - Sorted by Name
                     Name    Address   Location    Storage File                     
                ---------  ---------  ---------  --------- ---------                
                 _10LOOP1   0x0001a8    program     static C:\Users\User\MPLABXProjects\lab6_bonus.X\bonus.asm
                 _10LOOP2   0x0001a4    program     static C:\Users\User\MPLABXProjects\lab6_bonus.X\bonus.asm
                 _11LOOP1   0x0001ce    program     static C:\Users\User\MPLABXProjects\lab6_bonus.X\bonus.asm
                 _11LOOP2   0x0001ca    program     static C:\Users\User\MPLABXProjects\lab6_bonus.X\bonus.asm
                 _12LOOP1   0x0001f4    program     static C:\Users\User\MPLABXProjects\lab6_bonus.X\bonus.asm
                 _12LOOP2   0x0001f0    program     static C:\Users\User\MPLABXProjects\lab6_bonus.X\bonus.asm
                 _13LOOP1   0x000222    program     static C:\Users\User\MPLABXProjects\lab6_bonus.X\bonus.asm
                 _13LOOP2   0x00021e    program     static C:\Users\User\MPLABXProjects\lab6_bonus.X\bonus.asm
                 _14LOOP1   0x000244    program     static C:\Users\User\MPLABXProjects\lab6_bonus.X\bonus.asm
                 _14LOOP2   0x000240    program     static C:\Users\User\MPLABXProjects\lab6_bonus.X\bonus.asm
                  _1LOOP1   0x000020    program     static C:\Users\User\MPLABXProjects\lab6_bonus.X\bonus.asm
                  _1LOOP2   0x00001c    program     static C:\Users\User\MPLABXProjects\lab6_bonus.X\bonus.asm
                  _2LOOP1   0x00005a    program     static C:\Users\User\MPLABXProjects\lab6_bonus.X\bonus.asm
                  _2LOOP2   0x000056    program     static C:\Users\User\MPLABXProjects\lab6_bonus.X\bonus.asm
                  _3LOOP1   0x000084    program     static C:\Users\User\MPLABXProjects\lab6_bonus.X\bonus.asm
                  _3LOOP2   0x000080    program     static C:\Users\User\MPLABXProjects\lab6_bonus.X\bonus.asm
                  _4LOOP1   0x0000aa    program     static C:\Users\User\MPLABXProjects\lab6_bonus.X\bonus.asm
                  _4LOOP2   0x0000a6    program     static C:\Users\User\MPLABXProjects\lab6_bonus.X\bonus.asm
                  _5LOOP1   0x0000d0    program     static C:\Users\User\MPLABXProjects\lab6_bonus.X\bonus.asm
                  _5LOOP2   0x0000cc    program     static C:\Users\User\MPLABXProjects\lab6_bonus.X\bonus.asm
                  _6LOOP1   0x0000f6    program     static C:\Users\User\MPLABXProjects\lab6_bonus.X\bonus.asm
                  _6LOOP2   0x0000f2    program     static C:\Users\User\MPLABXProjects\lab6_bonus.X\bonus.asm
                  _7LOOP1   0x000124    program     static C:\Users\User\MPLABXProjects\lab6_bonus.X\bonus.asm
                  _7LOOP2   0x000120    program     static C:\Users\User\MPLABXProjects\lab6_bonus.X\bonus.asm
                  _8LOOP1   0x000158    program     static C:\Users\User\MPLABXProjects\lab6_bonus.X\bonus.asm
                  _8LOOP2   0x000154    program     static C:\Users\User\MPLABXProjects\lab6_bonus.X\bonus.asm
                  _9LOOP1   0x000182    program     static C:\Users\User\MPLABXProjects\lab6_bonus.X\bonus.asm
                  _9LOOP2   0x00017e    program     static C:\Users\User\MPLABXProjects\lab6_bonus.X\bonus.asm
                    check   0x000236    program     static C:\Users\User\MPLABXProjects\lab6_bonus.X\bonus.asm
            check_process   0x00003a    program     static C:\Users\User\MPLABXProjects\lab6_bonus.X\bonus.asm
           check_process2   0x000114    program     static C:\Users\User\MPLABXProjects\lab6_bonus.X\bonus.asm
           check_process3   0x000212    program     static C:\Users\User\MPLABXProjects\lab6_bonus.X\bonus.asm
               first_cont   0x00009e    program     static C:\Users\User\MPLABXProjects\lab6_bonus.X\bonus.asm
              first_cont1   0x00019c    program     static C:\Users\User\MPLABXProjects\lab6_bonus.X\bonus.asm
                firstloop   0x000040    program     static C:\Users\User\MPLABXProjects\lab6_bonus.X\bonus.asm
                      int   0x000000    program     static C:\Users\User\MPLABXProjects\lab6_bonus.X\bonus.asm
                   light1   0x000078    program     static C:\Users\User\MPLABXProjects\lab6_bonus.X\bonus.asm
            light1_state2   0x000176    program     static C:\Users\User\MPLABXProjects\lab6_bonus.X\bonus.asm
                     loop   0x000034    program     static C:\Users\User\MPLABXProjects\lab6_bonus.X\bonus.asm
                loopcheck   0x000012    program     static C:\Users\User\MPLABXProjects\lab6_bonus.X\bonus.asm
               secondloop   0x00013e    program     static C:\Users\User\MPLABXProjects\lab6_bonus.X\bonus.asm
                    start   0x000000    program     static C:\Users\User\MPLABXProjects\lab6_bonus.X\bonus.asm



                              Symbols - Sorted by Address
                     Name    Address   Location    Storage File                     
                ---------  ---------  ---------  --------- ---------                
                    start   0x000000    program     static C:\Users\User\MPLABXProjects\lab6_bonus.X\bonus.asm
                      int   0x000000    program     static C:\Users\User\MPLABXProjects\lab6_bonus.X\bonus.asm
                loopcheck   0x000012    program     static C:\Users\User\MPLABXProjects\lab6_bonus.X\bonus.asm
                  _1LOOP2   0x00001c    program     static C:\Users\User\MPLABXProjects\lab6_bonus.X\bonus.asm
                  _1LOOP1   0x000020    program     static C:\Users\User\MPLABXProjects\lab6_bonus.X\bonus.asm
                     loop   0x000034    program     static C:\Users\User\MPLABXProjects\lab6_bonus.X\bonus.asm
            check_process   0x00003a    program     static C:\Users\User\MPLABXProjects\lab6_bonus.X\bonus.asm
                firstloop   0x000040    program     static C:\Users\User\MPLABXProjects\lab6_bonus.X\bonus.asm
                  _2LOOP2   0x000056    program     static C:\Users\User\MPLABXProjects\lab6_bonus.X\bonus.asm
                  _2LOOP1   0x00005a    program     static C:\Users\User\MPLABXProjects\lab6_bonus.X\bonus.asm
                   light1   0x000078    program     static C:\Users\User\MPLABXProjects\lab6_bonus.X\bonus.asm
                  _3LOOP2   0x000080    program     static C:\Users\User\MPLABXProjects\lab6_bonus.X\bonus.asm
                  _3LOOP1   0x000084    program     static C:\Users\User\MPLABXProjects\lab6_bonus.X\bonus.asm
               first_cont   0x00009e    program     static C:\Users\User\MPLABXProjects\lab6_bonus.X\bonus.asm
                  _4LOOP2   0x0000a6    program     static C:\Users\User\MPLABXProjects\lab6_bonus.X\bonus.asm
                  _4LOOP1   0x0000aa    program     static C:\Users\User\MPLABXProjects\lab6_bonus.X\bonus.asm
                  _5LOOP2   0x0000cc    program     static C:\Users\User\MPLABXProjects\lab6_bonus.X\bonus.asm
                  _5LOOP1   0x0000d0    program     static C:\Users\User\MPLABXProjects\lab6_bonus.X\bonus.asm
                  _6LOOP2   0x0000f2    program     static C:\Users\User\MPLABXProjects\lab6_bonus.X\bonus.asm
                  _6LOOP1   0x0000f6    program     static C:\Users\User\MPLABXProjects\lab6_bonus.X\bonus.asm
           check_process2   0x000114    program     static C:\Users\User\MPLABXProjects\lab6_bonus.X\bonus.asm
                  _7LOOP2   0x000120    program     static C:\Users\User\MPLABXProjects\lab6_bonus.X\bonus.asm
                  _7LOOP1   0x000124    program     static C:\Users\User\MPLABXProjects\lab6_bonus.X\bonus.asm
               secondloop   0x00013e    program     static C:\Users\User\MPLABXProjects\lab6_bonus.X\bonus.asm
                  _8LOOP2   0x000154    program     static C:\Users\User\MPLABXProjects\lab6_bonus.X\bonus.asm
                  _8LOOP1   0x000158    program     static C:\Users\User\MPLABXProjects\lab6_bonus.X\bonus.asm
            light1_state2   0x000176    program     static C:\Users\User\MPLABXProjects\lab6_bonus.X\bonus.asm
                  _9LOOP2   0x00017e    program     static C:\Users\User\MPLABXProjects\lab6_bonus.X\bonus.asm
                  _9LOOP1   0x000182    program     static C:\Users\User\MPLABXProjects\lab6_bonus.X\bonus.asm
              first_cont1   0x00019c    program     static C:\Users\User\MPLABXProjects\lab6_bonus.X\bonus.asm
                 _10LOOP2   0x0001a4    program     static C:\Users\User\MPLABXProjects\lab6_bonus.X\bonus.asm
                 _10LOOP1   0x0001a8    program     static C:\Users\User\MPLABXProjects\lab6_bonus.X\bonus.asm
                 _11LOOP2   0x0001ca    program     static C:\Users\User\MPLABXProjects\lab6_bonus.X\bonus.asm
                 _11LOOP1   0x0001ce    program     static C:\Users\User\MPLABXProjects\lab6_bonus.X\bonus.asm
                 _12LOOP2   0x0001f0    program     static C:\Users\User\MPLABXProjects\lab6_bonus.X\bonus.asm
                 _12LOOP1   0x0001f4    program     static C:\Users\User\MPLABXProjects\lab6_bonus.X\bonus.asm
           check_process3   0x000212    program     static C:\Users\User\MPLABXProjects\lab6_bonus.X\bonus.asm
                 _13LOOP2   0x00021e    program     static C:\Users\User\MPLABXProjects\lab6_bonus.X\bonus.asm
                 _13LOOP1   0x000222    program     static C:\Users\User\MPLABXProjects\lab6_bonus.X\bonus.asm
                    check   0x000236    program     static C:\Users\User\MPLABXProjects\lab6_bonus.X\bonus.asm
                 _14LOOP2   0x000240    program     static C:\Users\User\MPLABXProjects\lab6_bonus.X\bonus.asm
                 _14LOOP1   0x000244    program     static C:\Users\User\MPLABXProjects\lab6_bonus.X\bonus.asm


