MPLINK 5.09, LINKER
Linker Map File - Created Thu Oct 12 15:33:47 2023

                                 Section Info
                  Section       Type    Address   Location Size(Bytes)
                ---------  ---------  ---------  ---------  ---------
                   .org_0       code   0x000000    program   0x00009e
                   .cinit    romdata   0x00009e    program   0x000002
.config_300001_BUILD/DEFAULT/DEBUG/ADVANCED.O    romdata   0x300001    program   0x000001
.config_300003_BUILD/DEFAULT/DEBUG/ADVANCED.O    romdata   0x300003    program   0x000001



                              Program Memory Usage 
                               Start         End      
                           ---------   ---------      
                            0x000000    0x00009f      
                            0x300001    0x300001      
                            0x300003    0x300003      
            162 out of 33048 program addresses used, program memory utilization is 0%



                              Symbols - Sorted by Name
                     Name    Address   Location    Storage File                     
                ---------  ---------  ---------  --------- ---------                
                   addtwo   0x000086    program     static C:\Users\User\MPLABXProjects\lab4_2.X\advanced.asm
                     cont   0x00009e    program     static C:\Users\User\MPLABXProjects\lab4_2.X\advanced.asm
                 contfunc   0x000078    program     static C:\Users\User\MPLABXProjects\lab4_2.X\advanced.asm
                 multiply   0x000046    program     static C:\Users\User\MPLABXProjects\lab4_2.X\advanced.asm



                              Symbols - Sorted by Address
                     Name    Address   Location    Storage File                     
                ---------  ---------  ---------  --------- ---------                
                 multiply   0x000046    program     static C:\Users\User\MPLABXProjects\lab4_2.X\advanced.asm
                 contfunc   0x000078    program     static C:\Users\User\MPLABXProjects\lab4_2.X\advanced.asm
                   addtwo   0x000086    program     static C:\Users\User\MPLABXProjects\lab4_2.X\advanced.asm
                     cont   0x00009e    program     static C:\Users\User\MPLABXProjects\lab4_2.X\advanced.asm


