MPLINK 5.09, LINKER
Linker Map File - Created Thu Oct 26 15:13:59 2023

                                 Section Info
                  Section       Type    Address   Location Size(Bytes)
                ---------  ---------  ---------  ---------  ---------
                   .org_0       code   0x000000    program   0x0000c6
                   .cinit    romdata   0x0000c6    program   0x000002
                    dbgP0       code   0x007dc0    program   0x000240
.config_300001_BUILD/DEFAULT/DEBUG/BASIC.O    romdata   0x300001    program   0x000001
.config_300003_BUILD/DEFAULT/DEBUG/BASIC.O    romdata   0x300003    program   0x000001
.config_300006_BUILD/DEFAULT/DEBUG/BASIC.O    romdata   0x300006    program   0x000001
                    dbgD0      udata   0x0005f4       data   0x00000c



                              Program Memory Usage 
                               Start         End      
                           ---------   ---------      
                            0x000000    0x0000c7      
                            0x007dc0    0x007fff      
                            0x300001    0x300001      
                            0x300003    0x300003      
                            0x300006    0x300006      
            779 out of 33048 program addresses used, program memory utilization is 2%



                              Symbols - Sorted by Name
                     Name    Address   Location    Storage File                     
                ---------  ---------  ---------  --------- ---------                
                  _1LOOP1   0x000022    program     static C:\Users\User\MPLABXProjects\lab6_1.X\basic.asm
                  _1LOOP2   0x00001e    program     static C:\Users\User\MPLABXProjects\lab6_1.X\basic.asm
                  _2LOOP1   0x000046    program     static C:\Users\User\MPLABXProjects\lab6_1.X\basic.asm
                  _2LOOP2   0x000042    program     static C:\Users\User\MPLABXProjects\lab6_1.X\basic.asm
                  _3LOOP1   0x00006a    program     static C:\Users\User\MPLABXProjects\lab6_1.X\basic.asm
                  _3LOOP2   0x000066    program     static C:\Users\User\MPLABXProjects\lab6_1.X\basic.asm
                  _4LOOP1   0x00008e    program     static C:\Users\User\MPLABXProjects\lab6_1.X\basic.asm
                  _4LOOP2   0x00008a    program     static C:\Users\User\MPLABXProjects\lab6_1.X\basic.asm
                  _5LOOP1   0x0000b0    program     static C:\Users\User\MPLABXProjects\lab6_1.X\basic.asm
                  _5LOOP2   0x0000ac    program     static C:\Users\User\MPLABXProjects\lab6_1.X\basic.asm
            check_process   0x000012    program     static C:\Users\User\MPLABXProjects\lab6_1.X\basic.asm
           check_process2   0x000034    program     static C:\Users\User\MPLABXProjects\lab6_1.X\basic.asm
           check_process3   0x000058    program     static C:\Users\User\MPLABXProjects\lab6_1.X\basic.asm
           check_process4   0x00007c    program     static C:\Users\User\MPLABXProjects\lab6_1.X\basic.asm
           check_process5   0x0000a0    program     static C:\Users\User\MPLABXProjects\lab6_1.X\basic.asm
                      int   0x000000    program     static C:\Users\User\MPLABXProjects\lab6_1.X\basic.asm
                     loop   0x000012    program     static C:\Users\User\MPLABXProjects\lab6_1.X\basic.asm
                    start   0x000000    program     static C:\Users\User\MPLABXProjects\lab6_1.X\basic.asm



                              Symbols - Sorted by Address
                     Name    Address   Location    Storage File                     
                ---------  ---------  ---------  --------- ---------                
                    start   0x000000    program     static C:\Users\User\MPLABXProjects\lab6_1.X\basic.asm
                      int   0x000000    program     static C:\Users\User\MPLABXProjects\lab6_1.X\basic.asm
                     loop   0x000012    program     static C:\Users\User\MPLABXProjects\lab6_1.X\basic.asm
            check_process   0x000012    program     static C:\Users\User\MPLABXProjects\lab6_1.X\basic.asm
                  _1LOOP2   0x00001e    program     static C:\Users\User\MPLABXProjects\lab6_1.X\basic.asm
                  _1LOOP1   0x000022    program     static C:\Users\User\MPLABXProjects\lab6_1.X\basic.asm
           check_process2   0x000034    program     static C:\Users\User\MPLABXProjects\lab6_1.X\basic.asm
                  _2LOOP2   0x000042    program     static C:\Users\User\MPLABXProjects\lab6_1.X\basic.asm
                  _2LOOP1   0x000046    program     static C:\Users\User\MPLABXProjects\lab6_1.X\basic.asm
           check_process3   0x000058    program     static C:\Users\User\MPLABXProjects\lab6_1.X\basic.asm
                  _3LOOP2   0x000066    program     static C:\Users\User\MPLABXProjects\lab6_1.X\basic.asm
                  _3LOOP1   0x00006a    program     static C:\Users\User\MPLABXProjects\lab6_1.X\basic.asm
           check_process4   0x00007c    program     static C:\Users\User\MPLABXProjects\lab6_1.X\basic.asm
                  _4LOOP2   0x00008a    program     static C:\Users\User\MPLABXProjects\lab6_1.X\basic.asm
                  _4LOOP1   0x00008e    program     static C:\Users\User\MPLABXProjects\lab6_1.X\basic.asm
           check_process5   0x0000a0    program     static C:\Users\User\MPLABXProjects\lab6_1.X\basic.asm
                  _5LOOP2   0x0000ac    program     static C:\Users\User\MPLABXProjects\lab6_1.X\basic.asm
                  _5LOOP1   0x0000b0    program     static C:\Users\User\MPLABXProjects\lab6_1.X\basic.asm


